2025/08/17 17:46:28 maxprocs: Leaving GOMAXPROCS=8: CPU quota undefined
2025-08-17 17:46:28.556	info	log/log.go:190	buildCommand: Adding config flag to misc flagset	{"name": "apiserver", "watch": false}
2025-08-17 17:46:28.556	info	log/log.go:190	Adding configuration flag	{"name": "apiserver", "watch": false, "cfgFile": ""}
2025-08-17 17:46:28.556	info	log/log.go:190	Reading configuration file	{"name": "apiserver", "cfgFile": "configs/apiserver.yaml"}
2025-08-17 17:46:28.556	info	log/log.go:190	Success to read configuration file	{"file": "configs/apiserver.yaml"}
{"level":"info","timestamp":"2025-08-17 17:46:28.557","caller":"log/log.go:190","message":"Starting application","name":"apiserver","version":"{\"gitVersion\":\"v0.0.0-master+$Format:%h$\",\"gitCommit\":\"$Format:%H$\",\"gitTreeState\":\"\",\"buildDate\":\"1970-01-01T00:00:00Z\",\"goVersion\":\"go1.25rc2\",\"compiler\":\"gc\",\"platform\":\"darwin/arm64\"}"}
{"level":"info","timestamp":"2025-08-17 17:46:28.557","caller":"log/log.go:190","message":"Golang settings","GOGC":"","GOMAXPROCS":"","GOTRACEBACK":""}
{"level":"info","timestamp":"2025-08-17 17:46:28.558","caller":"log/log.go:190","message":"Connection pool metrics collection is enabled through dependency injection"}
{"level":"info","timestamp":"2025-08-17 17:46:28.558","caller":"log/log.go:190","message":"Metrics will be automatically collected by the PoolMonitor when database connections are established"}
{"level":"info","timestamp":"2025-08-17 17:46:28.558","caller":"log/log.go:190","message":"Database pool monitoring enabled","slow_query_threshold":1000,"collect_interval":30000}
{"level":"info","timestamp":"2025-08-17 17:46:28.558","caller":"log/log.go:190","message":"Redis pool monitoring enabled","collect_interval":30000}
{"level":"info","timestamp":"2025-08-17 17:46:28.558","message":"Logger initialized","level":"info","format":"json"}
{"level":"info","timestamp":"2025-08-17 17:46:28.558","message":"Validating service connections before startup..."}
{"level":"info","timestamp":"2025-08-17 17:46:28.558","message":"Testing MySQL connection..."}
{"level":"info","timestamp":"2025-08-17 17:46:28.562","message":"MySQL connection test passed"}
{"level":"info","timestamp":"2025-08-17 17:46:28.562","message":"Testing Redis connection..."}
{"level":"info","timestamp":"2025-08-17 17:46:28.566","message":"Redis connection test passed"}
{"level":"info","timestamp":"2025-08-17 17:46:28.567","message":"Testing Jaeger connection..."}
{"level":"info","timestamp":"2025-08-17 17:46:28.567","message":"Jaeger connection test passed"}
{"level":"info","timestamp":"2025-08-17 17:46:28.567","message":"All service connections validated successfully"}
[Trace] 正在初始化全局追踪器...
[Trace] 服务名称: apiserver
[Trace] 使用 Agent 端点: 127.0.0.1:6831
[Trace] 环境: development
[Trace] 全局追踪器初始化成功! 采样率: 100%
[Trace] 使用 UDP Agent 协议发送到 Jaeger
[Trace] 请访问 Jaeger UI: http://localhost:16686
{"level":"info","timestamp":"2025-08-17 17:46:28.667","message":"Start to listening the incoming requests","protocol":"kratos"}
{"level":"fatal","timestamp":"2025-08-17 17:46:28.668","message":"Failed to serve kratos application","err":"listen tcp 0.0.0.0:9090: bind: address already in use","stacktrace":"github.com/costa92/go-protoc/v2/pkg/log.Fatalw\n\t/Users/costalong/code/go/src/github.com/costa92/go-protoc/pkg/log/log.go:198\ngithub.com/costa92/go-protoc/v2/pkg/server.(*KratosServer).RunOrDie\n\t/Users/costalong/code/go/src/github.com/costa92/go-protoc/pkg/server/kratos_server.go:49"}
